// Jest Snapshot v1, https://goo.gl/fbAQLP

exports[`Button when neither url nor onClick is provided should return null 1`] = `null`;

exports[`Button when onClick is provided should render a button Button component 1`] = `
<button
  className="button button--primary"
  disabled={false}
  onClick={[Function]}
>
  Hello World!
</button>
`;

exports[`Button when type is primary should render a primary Button component 1`] = `null`;

exports[`Button when type is secondary should render a secondary Button component 1`] = `null`;

exports[`Button when url is provided should render a link Button component 1`] = `
<a
  className="button button--primary"
  href="URL"
>
  Hello World!
</a>
`;
